---
source: mdbook-source-code/tutorial-2/tests/test.rs
expression: "format!(\"STDOUT:\\n{}\\nSTDERR:\\n{}\", stdout, stderr)"
---
STDOUT:

STDERR:
[mdbook-source-code/tutorial-2/src/main.rs:24:80] Os { code: 2, kind: NotFound, message: "No such file or directory" }
  24>    std::fs::read_to_string(path)?
    |
Error: Os { code: 2, kind: NotFound, message: "No such file or directory" }
